---
http_interactions:
- request:
    method: post
    uri: https://master-flex-jemdev.ft.com/api/workflows
    body:
      encoding: UTF-8
      string: '{"definitionId":10106,"stringVariables":{"projectMetadata":"{ \"project\":
        \"jtmyhe\", \"section\": \"http://api.ft.com/things/12bcffe1-f9f1-47ce-a3aa-e2dcdfaf7499\",
        \"brand\": \"http://api.ft.com/things/d4991c65-5e03-471c-bbba-fdb20d9d1009\",
        \"thing-url\": \"http://api.ft.com/things/JAMESISADICKb0778312-7686-49bc-a720-0551709ad37b\"}"}}'
    headers:
      Accept:
      - application/json
      Accept-Encoding:
      - gzip, deflate
      User-Agent:
      - rest-client/2.0.0 (darwin15.5.0 x86_64) ruby/2.3.1p112
      Content-Type:
      - application/vnd.nativ.mio.v1+json
      Content-Length:
      - '341'
      Authorization:
      - Basic bWFzdGVydXNlcjptYXN0ZXJ1c2Vy
  response:
    status:
      code: 201
      message: Created
    headers:
      Content-Type:
      - application/json
      Date:
      - Thu, 20 Oct 2016 13:45:13 GMT
      Location:
      - https://master-flex-jemdev.ft.com/api/workflows/15644
      Server:
      - Apache-Coyote/1.1
      Transfer-Encoding:
      - chunked
      Connection:
      - keep-alive
    body:
      encoding: UTF-8
      string: '{"id":15644,"name":"project-workflow","displayName":"project-workflow","href":"https://master-flex-jemdev.ft.com/api/workflows/15644","status":"Completed","start":"20
        Oct 2016 13:45:13 +0000","end":null,"owner":"masteruser masteruser","accountId":4,"workspaceId":3}'
    http_version: 
  recorded_at: Thu, 20 Oct 2016 13:45:17 GMT
- request:
    method: get
    uri: https://master-flex-jemdev.ft.com/api/workflows/15644
    body:
      encoding: US-ASCII
      string: ''
    headers:
      Accept:
      - application/json
      Accept-Encoding:
      - gzip, deflate
      User-Agent:
      - rest-client/2.0.0 (darwin15.5.0 x86_64) ruby/2.3.1p112
      Content-Type:
      - application/vnd.nativ.mio.v1+json
      Authorization:
      - Basic bWFzdGVydXNlcjptYXN0ZXJ1c2Vy
  response:
    status:
      code: 200
      message: OK
    headers:
      Cache-Control:
      - no-cache
      Content-Type:
      - application/json
      Date:
      - Thu, 20 Oct 2016 13:45:15 GMT
      Expires:
      - Thu, 01 Jan 1970 00:00:00 UTC
      Pragma:
      - No-cache
      Server:
      - Apache-Coyote/1.1
      Transfer-Encoding:
      - chunked
      Connection:
      - keep-alive
    body:
      encoding: UTF-8
      string: '{"id":15644,"name":"project-workflow","displayName":"project-workflow","objectType":{"id":7,"name":"workflow","href":"https://master-flex-jemdev.ft.com/api/objectTypes/7","displayName":"Workflow","pluralName":"Workflows","userDefined":false,"attachmentsSupported":true,"commentsSupported":true,"objectDataSupported":false,"contentMetadataSupported":false,"metadataSupported":false},"externalIds":[],"deleted":false,"href":"https://master-flex-jemdev.ft.com/api/workflows/15644","status":"Completed","priority":"Normal","running":true,"ended":false,"cancelled":false,"cancelling":false,"failed":false,"start":"20
        Oct 2016 13:45:13 +0000","end":null,"owner":{"id":5,"name":"masteruser","displayName":"masteruser
        masteruser","href":"https://master-flex-jemdev.ft.com/api/users/5","email":"jem.rayfield@ft.com","accountId":4},"definition":{"id":10106,"uuid":"e7245f55-5908-45bc-9aef-1560fcb549a3","name":"project-workflow","displayName":"project-workflow","objectType":{"id":11,"name":"workflow-definition","href":"https://master-flex-jemdev.ft.com/api/objectTypes/11","displayName":"Workflow
        Definition","pluralName":"Workflow Definitions","userDefined":false,"attachmentsSupported":true,"commentsSupported":true,"objectDataSupported":false,"contentMetadataSupported":false,"metadataSupported":false},"href":"https://master-flex-jemdev.ft.com/api/workflowDefinitions/10106","enabled":true,"owner":"masteruser
        masteruser","ownerId":5,"accountId":4,"created":"19 Sep 2016 11:22:39 +0000","lastModified":"20
        Oct 2016 09:00:33 +0000"},"definitionVersion":57,"asset":{"id":15648,"name":"test-create-project-group-placeholder","displayName":"test-create-project-group-placeholder","type":"Group
        Asset","href":"https://master-flex-jemdev.ft.com/api/assets/15648","variant":{"id":1,"name":"project-variant","href":"https://master-flex-jemdev.ft.com/api/variants/1"},"accountId":4,"workspaceId":3},"created":"20
        Oct 2016 13:45:13 +0000","lastModified":"20 Oct 2016 13:45:13 +0000","account":{"id":4,"name":"Master
        Account","objectType":{"id":24,"name":"master-account","href":"https://master-flex-jemdev.ft.com/api/objectTypes/24","displayName":"Master
        Account","pluralName":"Master Accounts","userDefined":false,"attachmentsSupported":false,"commentsSupported":false,"objectDataSupported":false,"contentMetadataSupported":false,"metadataSupported":false},"enabled":true,"owner":"masteruser
        masteruser","ownerId":5,"accountId":4,"created":"10 Jun 2015 10:26:05 +0000","lastModified":"19
        Sep 2016 11:03:56 +0000"},"workspace":{"id":3,"name":"Master Account","objectType":{"id":30,"name":"account-workspace","href":"https://master-flex-jemdev.ft.com/api/objectTypes/30","displayName":"Account
        Workspace","pluralName":"Account Workspaces","userDefined":false,"attachmentsSupported":false,"commentsSupported":false,"objectDataSupported":false,"contentMetadataSupported":false,"metadataSupported":false},"enabled":true,"owner":"masteruser
        masteruser","ownerId":5,"accountId":4,"created":"10 Jun 2015 10:26:05 +0000","lastModified":"10
        Jun 2015 10:26:05 +0000"},"visibility":[]}'
    http_version: 
  recorded_at: Thu, 20 Oct 2016 13:45:17 GMT
- request:
    method: get
    uri: https://master-flex-jemdev.ft.com/api/workflows/15644
    body:
      encoding: US-ASCII
      string: ''
    headers:
      Accept:
      - application/json
      Accept-Encoding:
      - gzip, deflate
      User-Agent:
      - rest-client/2.0.0 (darwin15.5.0 x86_64) ruby/2.3.1p112
      Content-Type:
      - application/vnd.nativ.mio.v1+json
      Authorization:
      - Basic bWFzdGVydXNlcjptYXN0ZXJ1c2Vy
  response:
    status:
      code: 200
      message: OK
    headers:
      Cache-Control:
      - no-cache
      Content-Type:
      - application/json
      Date:
      - Thu, 20 Oct 2016 13:45:15 GMT
      Expires:
      - Thu, 01 Jan 1970 00:00:00 UTC
      Pragma:
      - No-cache
      Server:
      - Apache-Coyote/1.1
      Transfer-Encoding:
      - chunked
      Connection:
      - keep-alive
    body:
      encoding: UTF-8
      string: '{"id":15644,"name":"project-workflow","displayName":"project-workflow","objectType":{"id":7,"name":"workflow","href":"https://master-flex-jemdev.ft.com/api/objectTypes/7","displayName":"Workflow","pluralName":"Workflows","userDefined":false,"attachmentsSupported":true,"commentsSupported":true,"objectDataSupported":false,"contentMetadataSupported":false,"metadataSupported":false},"externalIds":[],"deleted":false,"href":"https://master-flex-jemdev.ft.com/api/workflows/15644","status":"Completed","priority":"Normal","running":true,"ended":false,"cancelled":false,"cancelling":false,"failed":false,"start":"20
        Oct 2016 13:45:13 +0000","end":null,"owner":{"id":5,"name":"masteruser","displayName":"masteruser
        masteruser","href":"https://master-flex-jemdev.ft.com/api/users/5","email":"jem.rayfield@ft.com","accountId":4},"definition":{"id":10106,"uuid":"e7245f55-5908-45bc-9aef-1560fcb549a3","name":"project-workflow","displayName":"project-workflow","objectType":{"id":11,"name":"workflow-definition","href":"https://master-flex-jemdev.ft.com/api/objectTypes/11","displayName":"Workflow
        Definition","pluralName":"Workflow Definitions","userDefined":false,"attachmentsSupported":true,"commentsSupported":true,"objectDataSupported":false,"contentMetadataSupported":false,"metadataSupported":false},"href":"https://master-flex-jemdev.ft.com/api/workflowDefinitions/10106","enabled":true,"owner":"masteruser
        masteruser","ownerId":5,"accountId":4,"created":"19 Sep 2016 11:22:39 +0000","lastModified":"20
        Oct 2016 09:00:33 +0000"},"definitionVersion":57,"asset":{"id":15648,"name":"test-create-project-group-placeholder","displayName":"test-create-project-group-placeholder","type":"Group
        Asset","href":"https://master-flex-jemdev.ft.com/api/assets/15648","variant":{"id":1,"name":"project-variant","href":"https://master-flex-jemdev.ft.com/api/variants/1"},"accountId":4,"workspaceId":3},"created":"20
        Oct 2016 13:45:13 +0000","lastModified":"20 Oct 2016 13:45:16 +0000","account":{"id":4,"name":"Master
        Account","objectType":{"id":24,"name":"master-account","href":"https://master-flex-jemdev.ft.com/api/objectTypes/24","displayName":"Master
        Account","pluralName":"Master Accounts","userDefined":false,"attachmentsSupported":false,"commentsSupported":false,"objectDataSupported":false,"contentMetadataSupported":false,"metadataSupported":false},"enabled":true,"owner":"masteruser
        masteruser","ownerId":5,"accountId":4,"created":"10 Jun 2015 10:26:05 +0000","lastModified":"19
        Sep 2016 11:03:56 +0000"},"workspace":{"id":3,"name":"Master Account","objectType":{"id":30,"name":"account-workspace","href":"https://master-flex-jemdev.ft.com/api/objectTypes/30","displayName":"Account
        Workspace","pluralName":"Account Workspaces","userDefined":false,"attachmentsSupported":false,"commentsSupported":false,"objectDataSupported":false,"contentMetadataSupported":false,"metadataSupported":false},"enabled":true,"owner":"masteruser
        masteruser","ownerId":5,"accountId":4,"created":"10 Jun 2015 10:26:05 +0000","lastModified":"10
        Jun 2015 10:26:05 +0000"},"visibility":[]}'
    http_version: 
  recorded_at: Thu, 20 Oct 2016 13:45:18 GMT
- request:
    method: get
    uri: https://master-flex-jemdev.ft.com/api/workflows/15644
    body:
      encoding: US-ASCII
      string: ''
    headers:
      Accept:
      - application/json
      Accept-Encoding:
      - gzip, deflate
      User-Agent:
      - rest-client/2.0.0 (darwin15.5.0 x86_64) ruby/2.3.1p112
      Content-Type:
      - application/vnd.nativ.mio.v1+json
      Authorization:
      - Basic bWFzdGVydXNlcjptYXN0ZXJ1c2Vy
  response:
    status:
      code: 200
      message: OK
    headers:
      Cache-Control:
      - no-cache
      Content-Type:
      - application/json
      Date:
      - Thu, 20 Oct 2016 13:45:21 GMT
      Expires:
      - Thu, 01 Jan 1970 00:00:00 UTC
      Pragma:
      - No-cache
      Server:
      - Apache-Coyote/1.1
      Transfer-Encoding:
      - chunked
      Connection:
      - keep-alive
    body:
      encoding: UTF-8
      string: '{"id":15644,"name":"project-workflow","displayName":"project-workflow","objectType":{"id":7,"name":"workflow","href":"https://master-flex-jemdev.ft.com/api/objectTypes/7","displayName":"Workflow","pluralName":"Workflows","userDefined":false,"attachmentsSupported":true,"commentsSupported":true,"objectDataSupported":false,"contentMetadataSupported":false,"metadataSupported":false},"externalIds":[],"deleted":false,"href":"https://master-flex-jemdev.ft.com/api/workflows/15644","status":"Completed","priority":"Normal","running":false,"ended":true,"cancelled":false,"cancelling":false,"failed":false,"start":"20
        Oct 2016 13:45:13 +0000","end":"20 Oct 2016 13:45:21 +0000","owner":{"id":5,"name":"masteruser","displayName":"masteruser
        masteruser","href":"https://master-flex-jemdev.ft.com/api/users/5","email":"jem.rayfield@ft.com","accountId":4},"definition":{"id":10106,"uuid":"e7245f55-5908-45bc-9aef-1560fcb549a3","name":"project-workflow","displayName":"project-workflow","objectType":{"id":11,"name":"workflow-definition","href":"https://master-flex-jemdev.ft.com/api/objectTypes/11","displayName":"Workflow
        Definition","pluralName":"Workflow Definitions","userDefined":false,"attachmentsSupported":true,"commentsSupported":true,"objectDataSupported":false,"contentMetadataSupported":false,"metadataSupported":false},"href":"https://master-flex-jemdev.ft.com/api/workflowDefinitions/10106","enabled":true,"owner":"masteruser
        masteruser","ownerId":5,"accountId":4,"created":"19 Sep 2016 11:22:39 +0000","lastModified":"20
        Oct 2016 09:00:33 +0000"},"definitionVersion":57,"asset":{"id":15648,"name":"jtmyhe","displayName":"jtmyhe","type":"Group
        Asset","href":"https://master-flex-jemdev.ft.com/api/assets/15648","variant":{"id":1,"name":"project-variant","href":"https://master-flex-jemdev.ft.com/api/variants/1"},"accountId":4,"workspaceId":3},"created":"20
        Oct 2016 13:45:13 +0000","lastModified":"20 Oct 2016 13:45:18 +0000","account":{"id":4,"name":"Master
        Account","objectType":{"id":24,"name":"master-account","href":"https://master-flex-jemdev.ft.com/api/objectTypes/24","displayName":"Master
        Account","pluralName":"Master Accounts","userDefined":false,"attachmentsSupported":false,"commentsSupported":false,"objectDataSupported":false,"contentMetadataSupported":false,"metadataSupported":false},"enabled":true,"owner":"masteruser
        masteruser","ownerId":5,"accountId":4,"created":"10 Jun 2015 10:26:05 +0000","lastModified":"19
        Sep 2016 11:03:56 +0000"},"workspace":{"id":3,"name":"Master Account","objectType":{"id":30,"name":"account-workspace","href":"https://master-flex-jemdev.ft.com/api/objectTypes/30","displayName":"Account
        Workspace","pluralName":"Account Workspaces","userDefined":false,"attachmentsSupported":false,"commentsSupported":false,"objectDataSupported":false,"contentMetadataSupported":false,"metadataSupported":false},"enabled":true,"owner":"masteruser
        masteruser","ownerId":5,"accountId":4,"created":"10 Jun 2015 10:26:05 +0000","lastModified":"10
        Jun 2015 10:26:05 +0000"},"visibility":[]}'
    http_version: 
  recorded_at: Thu, 20 Oct 2016 13:45:23 GMT
recorded_with: VCR 3.0.3
