---
http_interactions:
- request:
    method: post
    uri: https://master.dev.nativ-systems.com/api/workflows
    body:
      encoding: UTF-8
      string: '{"definitionId":12387,"stringVariables":{"projectMetadata":"{\"project\":
        \"RESTCLIENTreipdy\",\"section\": \"http://api.ft.com/things/12bcffe1-f9f1-47ce-a3aa-e2dcdfaf7499\",
        \"brand\": \"http://api.ft.com/things/d4991c65-5e03-471c-bbba-fdb20d9d1009\"}"}}'
    headers:
      Accept:
      - application/json
      Accept-Encoding:
      - gzip, deflate
      Content-Type:
      - application/vnd.nativ.mio.v1+json
      Content-Length:
      - '255'
      User-Agent:
      - Ruby
      Authorization:
      - Basic bWFzdGVydXNlcjptNHN0M3J1czNy
  response:
    status:
      code: 201
      message: Created
    headers:
      Date:
      - Tue, 12 Jul 2016 16:17:17 GMT
      Server:
      - Apache/2.4.10 (Unix) OpenSSL/1.0.1e-fips
      Access-Control-Allow-Origin:
      - "*"
      Access-Control-Allow-Methods:
      - POST, GET, OPTIONS, DELETE, PUT
      Access-Control-Max-Age:
      - '1000'
      Access-Control-Allow-Headers:
      - x-requested-with, Content-Type, origin, authorization, accept, client-security-token
      Set-Cookie:
      - JSESSIONID=uXIm479B72NWZzK7bQTGWNN1.-201388908; Path=/api; Secure
      Location:
      - https://master.dev.nativ-systems.com/api/workflows/35081
      Content-Type:
      - application/json
      Access-Control-Allow-Credentials:
      - 'true'
      Transfer-Encoding:
      - chunked
    body:
      encoding: UTF-8
      string: '{"id":35081,"name":"workflow-create-project","displayName":"workflow-create-project","href":"https://master.dev.nativ-systems.com/api/workflows/35081","status":"Running","start":"12
        Jul 2016 16:17:15 +0000","end":null,"owner":"masteruser masteruser","accountId":4,"workspaceId":3}'
    http_version: 
  recorded_at: Tue, 12 Jul 2016 16:16:11 GMT
- request:
    method: get
    uri: https://master.dev.nativ-systems.com/api/workflows/35081
    body:
      encoding: US-ASCII
      string: ''
    headers:
      Accept:
      - application/json
      Accept-Encoding:
      - gzip, deflate
      Content-Type:
      - application/vnd.nativ.mio.v1+json
      User-Agent:
      - Ruby
      Authorization:
      - Basic bWFzdGVydXNlcjptNHN0M3J1czNy
  response:
    status:
      code: 200
      message: OK
    headers:
      Date:
      - Tue, 12 Jul 2016 16:17:18 GMT
      Server:
      - Apache/2.4.10 (Unix) OpenSSL/1.0.1e-fips
      Access-Control-Allow-Origin:
      - "*"
      Access-Control-Allow-Methods:
      - POST, GET, OPTIONS, DELETE, PUT
      Access-Control-Max-Age:
      - '1000'
      Access-Control-Allow-Headers:
      - x-requested-with, Content-Type, origin, authorization, accept, client-security-token
      Pragma:
      - No-cache
      Cache-Control:
      - no-cache
      Expires:
      - Thu, 01 Jan 1970 00:00:00 UTC
      Set-Cookie:
      - JSESSIONID=a-hk6L0OmuYri6YWQ4Y7JoOE.-201388908; Path=/api; Secure
      Content-Type:
      - application/json
      Access-Control-Allow-Credentials:
      - 'true'
      Transfer-Encoding:
      - chunked
    body:
      encoding: UTF-8
      string: '{"id":35081,"name":"workflow-create-project","displayName":"workflow-create-project","objectType":{"id":7,"name":"workflow","href":"https://master.dev.nativ-systems.com/api/objectTypes/7","displayName":"Workflow","pluralName":"Workflows","userDefined":false},"deleted":false,"href":"https://master.dev.nativ-systems.com/api/workflows/35081","status":"Running","priority":"Normal","running":true,"ended":false,"cancelled":false,"cancelling":false,"failed":false,"start":"12
        Jul 2016 16:17:15 +0000","end":null,"owner":{"id":5,"name":"masteruser","displayName":"masteruser
        masteruser","href":"https://master.dev.nativ-systems.com/api/users/5","email":"videyo+test@ft.com","accountId":4},"definition":{"id":12387,"uuid":"06035926-2479-4f6a-bcfe-0f330d5b2815","name":"workflow-create-project","displayName":"workflow-create-project","objectType":{"id":11,"name":"workflow-definition","href":"https://master.dev.nativ-systems.com/api/objectTypes/11","displayName":"Workflow
        Definition","pluralName":"Workflow Definitions","userDefined":false},"href":"https://master.dev.nativ-systems.com/api/workflowDefinitions/12387","owner":"masteruser
        masteruser","accountId":4},"definitionVersion":1,"created":"12 Jul 2016 16:17:15
        +0000","lastModified":"12 Jul 2016 16:17:15 +0000","account":{"id":4,"name":"Master
        Account","objectType":{"id":24,"name":"master-account","href":"https://master.dev.nativ-systems.com/api/objectTypes/24","displayName":"Master
        Account","pluralName":"Master Accounts","userDefined":false},"owner":"masteruser
        masteruser","accountId":4},"workspace":{"id":3,"name":"Master Account","objectType":{"id":30,"name":"account-workspace","href":"https://master.dev.nativ-systems.com/api/objectTypes/30","displayName":"Account
        Workspace","pluralName":"Account Workspaces","userDefined":false},"owner":"masteruser
        masteruser","accountId":4}}'
    http_version: 
  recorded_at: Tue, 12 Jul 2016 16:16:12 GMT
- request:
    method: get
    uri: https://master.dev.nativ-systems.com/api/workflows/35081
    body:
      encoding: US-ASCII
      string: ''
    headers:
      Accept:
      - application/json
      Accept-Encoding:
      - gzip, deflate
      Content-Type:
      - application/vnd.nativ.mio.v1+json
      User-Agent:
      - Ruby
      Authorization:
      - Basic bWFzdGVydXNlcjptNHN0M3J1czNy
  response:
    status:
      code: 200
      message: OK
    headers:
      Date:
      - Tue, 12 Jul 2016 16:17:18 GMT
      Server:
      - Apache/2.4.10 (Unix) OpenSSL/1.0.1e-fips
      Access-Control-Allow-Origin:
      - "*"
      Access-Control-Allow-Methods:
      - POST, GET, OPTIONS, DELETE, PUT
      Access-Control-Max-Age:
      - '1000'
      Access-Control-Allow-Headers:
      - x-requested-with, Content-Type, origin, authorization, accept, client-security-token
      Pragma:
      - No-cache
      Cache-Control:
      - no-cache
      Expires:
      - Thu, 01 Jan 1970 00:00:00 UTC
      Set-Cookie:
      - JSESSIONID=Cc4ZK5Y3TQDTsdXPEwhX1R8j.-201388908; Path=/api; Secure
      Content-Type:
      - application/json
      Access-Control-Allow-Credentials:
      - 'true'
      Transfer-Encoding:
      - chunked
    body:
      encoding: UTF-8
      string: '{"id":35081,"name":"workflow-create-project","displayName":"workflow-create-project","objectType":{"id":7,"name":"workflow","href":"https://master.dev.nativ-systems.com/api/objectTypes/7","displayName":"Workflow","pluralName":"Workflows","userDefined":false},"deleted":false,"href":"https://master.dev.nativ-systems.com/api/workflows/35081","status":"Running","priority":"Normal","running":true,"ended":false,"cancelled":false,"cancelling":false,"failed":false,"start":"12
        Jul 2016 16:17:15 +0000","end":null,"owner":{"id":5,"name":"masteruser","displayName":"masteruser
        masteruser","href":"https://master.dev.nativ-systems.com/api/users/5","email":"videyo+test@ft.com","accountId":4},"definition":{"id":12387,"uuid":"06035926-2479-4f6a-bcfe-0f330d5b2815","name":"workflow-create-project","displayName":"workflow-create-project","objectType":{"id":11,"name":"workflow-definition","href":"https://master.dev.nativ-systems.com/api/objectTypes/11","displayName":"Workflow
        Definition","pluralName":"Workflow Definitions","userDefined":false},"href":"https://master.dev.nativ-systems.com/api/workflowDefinitions/12387","owner":"masteruser
        masteruser","accountId":4},"definitionVersion":1,"created":"12 Jul 2016 16:17:15
        +0000","lastModified":"12 Jul 2016 16:17:15 +0000","account":{"id":4,"name":"Master
        Account","objectType":{"id":24,"name":"master-account","href":"https://master.dev.nativ-systems.com/api/objectTypes/24","displayName":"Master
        Account","pluralName":"Master Accounts","userDefined":false},"owner":"masteruser
        masteruser","accountId":4},"workspace":{"id":3,"name":"Master Account","objectType":{"id":30,"name":"account-workspace","href":"https://master.dev.nativ-systems.com/api/objectTypes/30","displayName":"Account
        Workspace","pluralName":"Account Workspaces","userDefined":false},"owner":"masteruser
        masteruser","accountId":4}}'
    http_version: 
  recorded_at: Tue, 12 Jul 2016 16:16:12 GMT
- request:
    method: post
    uri: https://master.dev.nativ-systems.com/api/workflows
    body:
      encoding: UTF-8
      string: '{"definitionId":13707,"stringVariables":{"assetMetadata":"{ \"clip-type\":\"http://api.ft.com/things/a0e8ca2e-03b4-4321-9b50-4a85b38298cd\",\"clip-description\":
        \"FT Art Birdsong \", \"location\":\"http://api.ft.com/things/f4ef81c6-765c-4f04-a8c7-b637f49f7e61\",\"interviewee\":
        \"Jem Rayfield\",\"office\": \"http://api.ft.com/things/a29a5f4f-b4ff-46f7-b597-a30437783e1e\",\"producer\":
        \"http://api.ft.com/things/a4fda01e-dd90-490b-a7be-7c74eafd3884\",\"freelance-producer\":
        \"James Condron\",\"reporter-1\": \"Darren Bown\", \"restrictions\": \"false\"}","project-thing-url":"https://api.ft.com/thing/5d24e298-c1da-4831-8332-74941875a159","projectUUID":"06035926-2479-4f6a-bcfe-0f330d5b2815","assetS3Path":"b0778312-7686-49bc-a720-0551709ad37b/Missing.mp4","assetTitle":"Missing.mp4"}}'
    headers:
      Accept:
      - application/json
      Accept-Encoding:
      - gzip, deflate
      Content-Type:
      - application/vnd.nativ.mio.v1+json
      Content-Length:
      - '790'
      User-Agent:
      - Ruby
      Authorization:
      - Basic bWFzdGVydXNlcjptNHN0M3J1czNy
  response:
    status:
      code: 201
      message: Created
    headers:
      Date:
      - Tue, 12 Jul 2016 16:17:19 GMT
      Server:
      - Apache/2.4.10 (Unix) OpenSSL/1.0.1e-fips
      Access-Control-Allow-Origin:
      - "*"
      Access-Control-Allow-Methods:
      - POST, GET, OPTIONS, DELETE, PUT
      Access-Control-Max-Age:
      - '1000'
      Access-Control-Allow-Headers:
      - x-requested-with, Content-Type, origin, authorization, accept, client-security-token
      Set-Cookie:
      - JSESSIONID=oTgduSonNbnEvItGZtC-mFFr.-201388908; Path=/api; Secure
      Location:
      - https://master.dev.nativ-systems.com/api/workflows/35083
      Content-Type:
      - application/json
      Access-Control-Allow-Credentials:
      - 'true'
      Transfer-Encoding:
      - chunked
    body:
      encoding: UTF-8
      string: '{"id":35083,"name":"ingest-workflow","displayName":"ingest-workflow","href":"https://master.dev.nativ-systems.com/api/workflows/35083","status":"Running","start":"12
        Jul 2016 16:17:17 +0000","end":null,"owner":"masteruser masteruser","accountId":4,"workspaceId":3}'
    http_version: 
  recorded_at: Tue, 12 Jul 2016 16:16:13 GMT
recorded_with: VCR 3.0.3
