---
http_interactions:
- request:
    method: post
    uri: https://master.dev.nativ-systems.com//api/workflows/
    body:
      encoding: UTF-8
      string: '{"definitionId":12387,"stringVariables":{"projectMetadata":"{\"project\":
        \"zaiehe\",\"section\": \"http://api.ft.com/things/12bcffe1-f9f1-47ce-a3aa-e2dcdfaf7499\",
        \"brand\": \"http://api.ft.com/things/d4991c65-5e03-471c-bbba-fdb20d9d1009\"}"}}'
    headers:
      Accept:
      - application/json
      Accept-Encoding:
      - gzip, deflate
      Content-Type:
      - application/vnd.nativ.mio.v1+json
      Content-Length:
      - '245'
      User-Agent:
      - Ruby
      Authorization:
      - Basic bWFzdGVydXNlcjptNHN0M3J1czNy
  response:
    status:
      code: 201
      message: Created
    headers:
      Date:
      - Tue, 05 Jul 2016 08:38:31 GMT
      Server:
      - Apache/2.4.10 (Unix) OpenSSL/1.0.1e-fips
      Access-Control-Allow-Origin:
      - "*"
      Access-Control-Allow-Methods:
      - POST, GET, OPTIONS, DELETE, PUT
      Access-Control-Max-Age:
      - '1000'
      Access-Control-Allow-Headers:
      - x-requested-with, Content-Type, origin, authorization, accept, client-security-token
      Set-Cookie:
      - JSESSIONID=hhWUkv9dnBucFAaE0+GMu+s2.-201388908; Path=/api; Secure
      Location:
      - https://master.dev.nativ-systems.com/api/workflows/29340
      Content-Type:
      - application/json
      Access-Control-Allow-Credentials:
      - 'true'
      Transfer-Encoding:
      - chunked
    body:
      encoding: UTF-8
      string: '{"id":29340,"name":"workflow-create-project","displayName":"workflow-create-project","href":"https://master.dev.nativ-systems.com/api/workflows/29340","status":"Completed","start":"05
        Jul 2016 08:38:29 +0000","end":null,"owner":"masteruser masteruser","accountId":4,"workspaceId":3}'
    http_version: 
  recorded_at: Tue, 05 Jul 2016 08:37:25 GMT
- request:
    method: get
    uri: https://master.dev.nativ-systems.com//api/workflows/29340
    body:
      encoding: US-ASCII
      string: ''
    headers:
      Accept:
      - application/json
      Accept-Encoding:
      - gzip, deflate
      Content-Type:
      - application/vnd.nativ.mio.v1+json
      User-Agent:
      - Ruby
      Authorization:
      - Basic bWFzdGVydXNlcjptNHN0M3J1czNy
  response:
    status:
      code: 200
      message: OK
    headers:
      Date:
      - Tue, 05 Jul 2016 08:38:32 GMT
      Server:
      - Apache/2.4.10 (Unix) OpenSSL/1.0.1e-fips
      Access-Control-Allow-Origin:
      - "*"
      Access-Control-Allow-Methods:
      - POST, GET, OPTIONS, DELETE, PUT
      Access-Control-Max-Age:
      - '1000'
      Access-Control-Allow-Headers:
      - x-requested-with, Content-Type, origin, authorization, accept, client-security-token
      Pragma:
      - No-cache
      Cache-Control:
      - no-cache
      Expires:
      - Thu, 01 Jan 1970 00:00:00 UTC
      Set-Cookie:
      - JSESSIONID=rVWt3FGjd71uoyt7kP6rNU87.-201388908; Path=/api; Secure
      Content-Type:
      - application/json
      Access-Control-Allow-Credentials:
      - 'true'
      Transfer-Encoding:
      - chunked
    body:
      encoding: UTF-8
      string: '{"id":29340,"name":"workflow-create-project","displayName":"workflow-create-project","objectType":{"id":7,"name":"workflow","href":"https://master.dev.nativ-systems.com/api/objectTypes/7","displayName":"Workflow","pluralName":"Workflows","userDefined":false},"deleted":false,"href":"https://master.dev.nativ-systems.com/api/workflows/29340","status":"Completed","priority":"Normal","running":true,"ended":false,"cancelled":false,"cancelling":false,"failed":false,"start":"05
        Jul 2016 08:38:30 +0000","end":null,"owner":{"id":5,"name":"masteruser","displayName":"masteruser
        masteruser","href":"https://master.dev.nativ-systems.com/api/users/5","email":"videyo@ft.com","accountId":4},"definition":{"id":12387,"uuid":"06035926-2479-4f6a-bcfe-0f330d5b2815","name":"workflow-create-project","displayName":"workflow-create-project","objectType":{"id":11,"name":"workflow-definition","href":"https://master.dev.nativ-systems.com/api/objectTypes/11","displayName":"Workflow
        Definition","pluralName":"Workflow Definitions","userDefined":false},"href":"https://master.dev.nativ-systems.com/api/workflowDefinitions/12387","owner":"masteruser
        masteruser","accountId":4},"definitionVersion":1,"created":"05 Jul 2016 08:38:30
        +0000","lastModified":"05 Jul 2016 08:38:29 +0000","account":{"id":4,"name":"Master
        Account","objectType":{"id":24,"name":"master-account","href":"https://master.dev.nativ-systems.com/api/objectTypes/24","displayName":"Master
        Account","pluralName":"Master Accounts","userDefined":false},"owner":"masteruser
        masteruser","accountId":4},"workspace":{"id":3,"name":"Master Account","objectType":{"id":30,"name":"account-workspace","href":"https://master.dev.nativ-systems.com/api/objectTypes/30","displayName":"Account
        Workspace","pluralName":"Account Workspaces","userDefined":false},"owner":"masteruser
        masteruser","accountId":4}}'
    http_version: 
  recorded_at: Tue, 05 Jul 2016 08:37:26 GMT
- request:
    method: get
    uri: https://master.dev.nativ-systems.com//api/workflows/29340
    body:
      encoding: US-ASCII
      string: ''
    headers:
      Accept:
      - application/json
      Accept-Encoding:
      - gzip, deflate
      Content-Type:
      - application/vnd.nativ.mio.v1+json
      User-Agent:
      - Ruby
      Authorization:
      - Basic bWFzdGVydXNlcjptNHN0M3J1czNy
  response:
    status:
      code: 200
      message: OK
    headers:
      Date:
      - Tue, 05 Jul 2016 08:38:33 GMT
      Server:
      - Apache/2.4.10 (Unix) OpenSSL/1.0.1e-fips
      Access-Control-Allow-Origin:
      - "*"
      Access-Control-Allow-Methods:
      - POST, GET, OPTIONS, DELETE, PUT
      Access-Control-Max-Age:
      - '1000'
      Access-Control-Allow-Headers:
      - x-requested-with, Content-Type, origin, authorization, accept, client-security-token
      Pragma:
      - No-cache
      Cache-Control:
      - no-cache
      Expires:
      - Thu, 01 Jan 1970 00:00:00 UTC
      Set-Cookie:
      - JSESSIONID=dOs8l9Bu11tuWwRDdO1jJo4q.-201388908; Path=/api; Secure
      Content-Type:
      - application/json
      Access-Control-Allow-Credentials:
      - 'true'
      Transfer-Encoding:
      - chunked
    body:
      encoding: UTF-8
      string: '{"id":29340,"name":"workflow-create-project","displayName":"workflow-create-project","objectType":{"id":7,"name":"workflow","href":"https://master.dev.nativ-systems.com/api/objectTypes/7","displayName":"Workflow","pluralName":"Workflows","userDefined":false},"deleted":false,"href":"https://master.dev.nativ-systems.com/api/workflows/29340","status":"Completed","priority":"Normal","running":true,"ended":false,"cancelled":false,"cancelling":false,"failed":false,"start":"05
        Jul 2016 08:38:30 +0000","end":null,"owner":{"id":5,"name":"masteruser","displayName":"masteruser
        masteruser","href":"https://master.dev.nativ-systems.com/api/users/5","email":"videyo@ft.com","accountId":4},"definition":{"id":12387,"uuid":"06035926-2479-4f6a-bcfe-0f330d5b2815","name":"workflow-create-project","displayName":"workflow-create-project","objectType":{"id":11,"name":"workflow-definition","href":"https://master.dev.nativ-systems.com/api/objectTypes/11","displayName":"Workflow
        Definition","pluralName":"Workflow Definitions","userDefined":false},"href":"https://master.dev.nativ-systems.com/api/workflowDefinitions/12387","owner":"masteruser
        masteruser","accountId":4},"definitionVersion":1,"created":"05 Jul 2016 08:38:30
        +0000","lastModified":"05 Jul 2016 08:38:30 +0000","account":{"id":4,"name":"Master
        Account","objectType":{"id":24,"name":"master-account","href":"https://master.dev.nativ-systems.com/api/objectTypes/24","displayName":"Master
        Account","pluralName":"Master Accounts","userDefined":false},"owner":"masteruser
        masteruser","accountId":4},"workspace":{"id":3,"name":"Master Account","objectType":{"id":30,"name":"account-workspace","href":"https://master.dev.nativ-systems.com/api/objectTypes/30","displayName":"Account
        Workspace","pluralName":"Account Workspaces","userDefined":false},"owner":"masteruser
        masteruser","accountId":4}}'
    http_version: 
  recorded_at: Tue, 05 Jul 2016 08:37:27 GMT
- request:
    method: get
    uri: https://master.dev.nativ-systems.com//api/workflows/29313
    body:
      encoding: US-ASCII
      string: ''
    headers:
      Accept:
      - application/json
      Accept-Encoding:
      - gzip, deflate
      Content-Type:
      - application/vnd.nativ.mio.v1+json
      User-Agent:
      - Ruby
      Authorization:
      - Basic bWFzdGVydXNlcjptNHN0M3J1czNy
  response:
    status:
      code: 200
      message: OK
    headers:
      Date:
      - Tue, 05 Jul 2016 08:38:34 GMT
      Server:
      - Apache/2.4.10 (Unix) OpenSSL/1.0.1e-fips
      Access-Control-Allow-Origin:
      - "*"
      Access-Control-Allow-Methods:
      - POST, GET, OPTIONS, DELETE, PUT
      Access-Control-Max-Age:
      - '1000'
      Access-Control-Allow-Headers:
      - x-requested-with, Content-Type, origin, authorization, accept, client-security-token
      Pragma:
      - No-cache
      Cache-Control:
      - no-cache
      Expires:
      - Thu, 01 Jan 1970 00:00:00 UTC
      Set-Cookie:
      - JSESSIONID=p-BlpUNmgCKubKe2dv6G9gRG.-201388908; Path=/api; Secure
      Content-Type:
      - application/json
      Access-Control-Allow-Credentials:
      - 'true'
      Transfer-Encoding:
      - chunked
    body:
      encoding: UTF-8
      string: '{"id":29313,"name":"ingest-raw-workflow-99","displayName":"ingest-raw-workflow-99","objectType":{"id":7,"name":"workflow","href":"https://master.dev.nativ-systems.com/api/objectTypes/7","displayName":"Workflow","pluralName":"Workflows","userDefined":false},"deleted":false,"href":"https://master.dev.nativ-systems.com/api/workflows/29313","status":"Completed","priority":"Normal","running":false,"ended":true,"cancelled":false,"cancelling":false,"failed":false,"start":"05
        Jul 2016 08:37:28 +0000","end":"05 Jul 2016 08:38:29 +0000","owner":{"id":5,"name":"masteruser","displayName":"masteruser
        masteruser","href":"https://master.dev.nativ-systems.com/api/users/5","email":"videyo@ft.com","accountId":4},"definition":{"id":13800,"uuid":"2ee30010-8c12-4651-8fd6-b95758637480","name":"ingest-raw-workflow-99","displayName":"ingest-raw-workflow-99","objectType":{"id":11,"name":"workflow-definition","href":"https://master.dev.nativ-systems.com/api/objectTypes/11","displayName":"Workflow
        Definition","pluralName":"Workflow Definitions","userDefined":false},"href":"https://master.dev.nativ-systems.com/api/workflowDefinitions/13800","owner":"masteruser
        masteruser","accountId":4},"definitionVersion":64,"created":"05 Jul 2016 08:37:28
        +0000","lastModified":"05 Jul 2016 08:38:29 +0000","account":{"id":4,"name":"Master
        Account","objectType":{"id":24,"name":"master-account","href":"https://master.dev.nativ-systems.com/api/objectTypes/24","displayName":"Master
        Account","pluralName":"Master Accounts","userDefined":false},"owner":"masteruser
        masteruser","accountId":4},"workspace":{"id":3,"name":"Master Account","objectType":{"id":30,"name":"account-workspace","href":"https://master.dev.nativ-systems.com/api/objectTypes/30","displayName":"Account
        Workspace","pluralName":"Account Workspaces","userDefined":false},"owner":"masteruser
        masteruser","accountId":4}}'
    http_version: 
  recorded_at: Tue, 05 Jul 2016 08:37:28 GMT
- request:
    method: get
    uri: https://master.dev.nativ-systems.com//api/workflows/29313
    body:
      encoding: US-ASCII
      string: ''
    headers:
      Accept:
      - application/json
      Accept-Encoding:
      - gzip, deflate
      Content-Type:
      - application/vnd.nativ.mio.v1+json
      User-Agent:
      - Ruby
      Authorization:
      - Basic bWFzdGVydXNlcjptNHN0M3J1czNy
  response:
    status:
      code: 200
      message: OK
    headers:
      Date:
      - Tue, 05 Jul 2016 08:38:35 GMT
      Server:
      - Apache/2.4.10 (Unix) OpenSSL/1.0.1e-fips
      Access-Control-Allow-Origin:
      - "*"
      Access-Control-Allow-Methods:
      - POST, GET, OPTIONS, DELETE, PUT
      Access-Control-Max-Age:
      - '1000'
      Access-Control-Allow-Headers:
      - x-requested-with, Content-Type, origin, authorization, accept, client-security-token
      Pragma:
      - No-cache
      Cache-Control:
      - no-cache
      Expires:
      - Thu, 01 Jan 1970 00:00:00 UTC
      Set-Cookie:
      - JSESSIONID=3UrjvDJ4PtG4zQQV+yARXvCO.-201388908; Path=/api; Secure
      Content-Type:
      - application/json
      Access-Control-Allow-Credentials:
      - 'true'
      Transfer-Encoding:
      - chunked
    body:
      encoding: UTF-8
      string: '{"id":29313,"name":"ingest-raw-workflow-99","displayName":"ingest-raw-workflow-99","objectType":{"id":7,"name":"workflow","href":"https://master.dev.nativ-systems.com/api/objectTypes/7","displayName":"Workflow","pluralName":"Workflows","userDefined":false},"deleted":false,"href":"https://master.dev.nativ-systems.com/api/workflows/29313","status":"Completed","priority":"Normal","running":false,"ended":true,"cancelled":false,"cancelling":false,"failed":false,"start":"05
        Jul 2016 08:37:28 +0000","end":"05 Jul 2016 08:38:29 +0000","owner":{"id":5,"name":"masteruser","displayName":"masteruser
        masteruser","href":"https://master.dev.nativ-systems.com/api/users/5","email":"videyo@ft.com","accountId":4},"definition":{"id":13800,"uuid":"2ee30010-8c12-4651-8fd6-b95758637480","name":"ingest-raw-workflow-99","displayName":"ingest-raw-workflow-99","objectType":{"id":11,"name":"workflow-definition","href":"https://master.dev.nativ-systems.com/api/objectTypes/11","displayName":"Workflow
        Definition","pluralName":"Workflow Definitions","userDefined":false},"href":"https://master.dev.nativ-systems.com/api/workflowDefinitions/13800","owner":"masteruser
        masteruser","accountId":4},"definitionVersion":64,"created":"05 Jul 2016 08:37:28
        +0000","lastModified":"05 Jul 2016 08:38:29 +0000","account":{"id":4,"name":"Master
        Account","objectType":{"id":24,"name":"master-account","href":"https://master.dev.nativ-systems.com/api/objectTypes/24","displayName":"Master
        Account","pluralName":"Master Accounts","userDefined":false},"owner":"masteruser
        masteruser","accountId":4},"workspace":{"id":3,"name":"Master Account","objectType":{"id":30,"name":"account-workspace","href":"https://master.dev.nativ-systems.com/api/objectTypes/30","displayName":"Account
        Workspace","pluralName":"Account Workspaces","userDefined":false},"owner":"masteruser
        masteruser","accountId":4}}'
    http_version: 
  recorded_at: Tue, 05 Jul 2016 08:37:29 GMT
recorded_with: VCR 3.0.3
