---
http_interactions:
- request:
    method: post
    uri: https://master.dev.nativ-systems.com/api/workflows
    body:
      encoding: UTF-8
      string: '{"definitionId":12387,"stringVariables":{"projectMetadata":"{\"project\":
        \"RESTCLIENTktnymp\",\"section\": \"http://api.ft.com/things/12bcffe1-f9f1-47ce-a3aa-e2dcdfaf7499\",
        \"brand\": \"http://api.ft.com/things/d4991c65-5e03-471c-bbba-fdb20d9d1009\"}"}}'
    headers:
      Accept:
      - application/json
      Accept-Encoding:
      - gzip, deflate
      Content-Type:
      - application/vnd.nativ.mio.v1+json
      Content-Length:
      - '255'
      User-Agent:
      - Ruby
      Authorization:
      - Basic bWFzdGVydXNlcjptNHN0M3J1czNy
  response:
    status:
      code: 201
      message: Created
    headers:
      Date:
      - Wed, 13 Jul 2016 13:32:52 GMT
      Server:
      - Apache/2.4.10 (Unix) OpenSSL/1.0.1e-fips
      Access-Control-Allow-Origin:
      - "*"
      Access-Control-Allow-Methods:
      - POST, GET, OPTIONS, DELETE, PUT
      Access-Control-Max-Age:
      - '1000'
      Access-Control-Allow-Headers:
      - x-requested-with, Content-Type, origin, authorization, accept, client-security-token
      Set-Cookie:
      - JSESSIONID=TEioTuRPwBApeMXolpJHEina.-201388908; Path=/api; Secure
      Location:
      - https://master.dev.nativ-systems.com/api/workflows/35775
      Content-Type:
      - application/json
      Access-Control-Allow-Credentials:
      - 'true'
      Transfer-Encoding:
      - chunked
    body:
      encoding: UTF-8
      string: '{"id":35775,"name":"workflow-create-project","displayName":"workflow-create-project","href":"https://master.dev.nativ-systems.com/api/workflows/35775","status":"Running","start":"13
        Jul 2016 13:32:50 +0000","end":null,"owner":"masteruser masteruser","accountId":4,"workspaceId":3}'
    http_version: 
  recorded_at: Wed, 13 Jul 2016 13:31:47 GMT
- request:
    method: get
    uri: https://master.dev.nativ-systems.com/api/workflows/35775
    body:
      encoding: US-ASCII
      string: ''
    headers:
      Accept:
      - application/json
      Accept-Encoding:
      - gzip, deflate
      Content-Type:
      - application/vnd.nativ.mio.v1+json
      User-Agent:
      - Ruby
      Authorization:
      - Basic bWFzdGVydXNlcjptNHN0M3J1czNy
  response:
    status:
      code: 200
      message: OK
    headers:
      Date:
      - Wed, 13 Jul 2016 13:32:53 GMT
      Server:
      - Apache/2.4.10 (Unix) OpenSSL/1.0.1e-fips
      Access-Control-Allow-Origin:
      - "*"
      Access-Control-Allow-Methods:
      - POST, GET, OPTIONS, DELETE, PUT
      Access-Control-Max-Age:
      - '1000'
      Access-Control-Allow-Headers:
      - x-requested-with, Content-Type, origin, authorization, accept, client-security-token
      Pragma:
      - No-cache
      Cache-Control:
      - no-cache
      Expires:
      - Thu, 01 Jan 1970 00:00:00 UTC
      Set-Cookie:
      - JSESSIONID=1YAUEDFTV-YBK5beYjYI+6jX.-201388908; Path=/api; Secure
      Content-Type:
      - application/json
      Access-Control-Allow-Credentials:
      - 'true'
      Transfer-Encoding:
      - chunked
    body:
      encoding: UTF-8
      string: '{"id":35775,"name":"workflow-create-project","displayName":"workflow-create-project","objectType":{"id":7,"name":"workflow","href":"https://master.dev.nativ-systems.com/api/objectTypes/7","displayName":"Workflow","pluralName":"Workflows","userDefined":false},"deleted":false,"href":"https://master.dev.nativ-systems.com/api/workflows/35775","status":"Running","priority":"Normal","running":true,"ended":false,"cancelled":false,"cancelling":false,"failed":false,"start":"13
        Jul 2016 13:32:50 +0000","end":null,"owner":{"id":5,"name":"masteruser","displayName":"masteruser
        masteruser","href":"https://master.dev.nativ-systems.com/api/users/5","email":"videyo+test@ft.com","accountId":4},"definition":{"id":12387,"uuid":"06035926-2479-4f6a-bcfe-0f330d5b2815","name":"workflow-create-project","displayName":"workflow-create-project","objectType":{"id":11,"name":"workflow-definition","href":"https://master.dev.nativ-systems.com/api/objectTypes/11","displayName":"Workflow
        Definition","pluralName":"Workflow Definitions","userDefined":false},"href":"https://master.dev.nativ-systems.com/api/workflowDefinitions/12387","owner":"masteruser
        masteruser","accountId":4},"definitionVersion":1,"created":"13 Jul 2016 13:32:50
        +0000","lastModified":"13 Jul 2016 13:32:50 +0000","account":{"id":4,"name":"Master
        Account","objectType":{"id":24,"name":"master-account","href":"https://master.dev.nativ-systems.com/api/objectTypes/24","displayName":"Master
        Account","pluralName":"Master Accounts","userDefined":false},"owner":"masteruser
        masteruser","accountId":4},"workspace":{"id":3,"name":"Master Account","objectType":{"id":30,"name":"account-workspace","href":"https://master.dev.nativ-systems.com/api/objectTypes/30","displayName":"Account
        Workspace","pluralName":"Account Workspaces","userDefined":false},"owner":"masteruser
        masteruser","accountId":4}}'
    http_version: 
  recorded_at: Wed, 13 Jul 2016 13:31:48 GMT
- request:
    method: post
    uri: https://master.dev.nativ-systems.com/api/workflows
    body:
      encoding: UTF-8
      string: '{"definitionId":13707,"stringVariables":{"assetMetadata":"{ \"clip-type\":\"http://api.ft.com/things/a0e8ca2e-03b4-4321-9b50-4a85b38298cd\",\"clip-description\":
        \"FT Art Birdsong \", \"location\":\"http://api.ft.com/things/f4ef81c6-765c-4f04-a8c7-b637f49f7e61\",\"interviewee\":
        \"Jem Rayfield\",\"office\": \"http://api.ft.com/things/a29a5f4f-b4ff-46f7-b597-a30437783e1e\",\"producer\":
        \"http://api.ft.com/things/a4fda01e-dd90-490b-a7be-7c74eafd3884\",\"freelance-producer\":
        \"James Condron\",\"reporter-1\": \"Darren Bown\", \"restrictions\": \"false\"}","project-thing-url":"https://api.ft.com/thing/5d24e298-c1da-4831-8332-74941875a159","projectUUID":"06035926-2479-4f6a-bcfe-0f330d5b2815","assetS3Path":"b0778312-7686-49bc-a720-0551709ad37b/Missing.mp4","assetTitle":"Missing.mp4"}}'
    headers:
      Accept:
      - application/json
      Accept-Encoding:
      - gzip, deflate
      Content-Type:
      - application/vnd.nativ.mio.v1+json
      Content-Length:
      - '790'
      User-Agent:
      - Ruby
      Authorization:
      - Basic bWFzdGVydXNlcjptNHN0M3J1czNy
  response:
    status:
      code: 201
      message: Created
    headers:
      Date:
      - Wed, 13 Jul 2016 13:32:53 GMT
      Server:
      - Apache/2.4.10 (Unix) OpenSSL/1.0.1e-fips
      Access-Control-Allow-Origin:
      - "*"
      Access-Control-Allow-Methods:
      - POST, GET, OPTIONS, DELETE, PUT
      Access-Control-Max-Age:
      - '1000'
      Access-Control-Allow-Headers:
      - x-requested-with, Content-Type, origin, authorization, accept, client-security-token
      Set-Cookie:
      - JSESSIONID=Z5bAycNOtws2FQbAEzSuoAuY.-201388908; Path=/api; Secure
      Location:
      - https://master.dev.nativ-systems.com/api/workflows/35777
      Content-Type:
      - application/json
      Access-Control-Allow-Credentials:
      - 'true'
      Transfer-Encoding:
      - chunked
    body:
      encoding: UTF-8
      string: '{"id":35777,"name":"ingest-workflow","displayName":"ingest-workflow","href":"https://master.dev.nativ-systems.com/api/workflows/35777","status":"Running","start":"13
        Jul 2016 13:32:51 +0000","end":null,"owner":"masteruser masteruser","accountId":4,"workspaceId":3}'
    http_version: 
  recorded_at: Wed, 13 Jul 2016 13:31:49 GMT
- request:
    method: get
    uri: https://master.dev.nativ-systems.com/api/workflows/35777
    body:
      encoding: US-ASCII
      string: ''
    headers:
      Accept:
      - application/json
      Accept-Encoding:
      - gzip, deflate
      Content-Type:
      - application/vnd.nativ.mio.v1+json
      User-Agent:
      - Ruby
      Authorization:
      - Basic bWFzdGVydXNlcjptNHN0M3J1czNy
  response:
    status:
      code: 200
      message: OK
    headers:
      Date:
      - Wed, 13 Jul 2016 13:32:54 GMT
      Server:
      - Apache/2.4.10 (Unix) OpenSSL/1.0.1e-fips
      Access-Control-Allow-Origin:
      - "*"
      Access-Control-Allow-Methods:
      - POST, GET, OPTIONS, DELETE, PUT
      Access-Control-Max-Age:
      - '1000'
      Access-Control-Allow-Headers:
      - x-requested-with, Content-Type, origin, authorization, accept, client-security-token
      Pragma:
      - No-cache
      Cache-Control:
      - no-cache
      Expires:
      - Thu, 01 Jan 1970 00:00:00 UTC
      Set-Cookie:
      - JSESSIONID=tVoa4xqGgINxOPwBOkOXHfOs.-201388908; Path=/api; Secure
      Content-Type:
      - application/json
      Access-Control-Allow-Credentials:
      - 'true'
      Transfer-Encoding:
      - chunked
    body:
      encoding: UTF-8
      string: '{"id":35777,"name":"ingest-workflow","displayName":"ingest-workflow","objectType":{"id":7,"name":"workflow","href":"https://master.dev.nativ-systems.com/api/objectTypes/7","displayName":"Workflow","pluralName":"Workflows","userDefined":false},"deleted":false,"href":"https://master.dev.nativ-systems.com/api/workflows/35777","status":"Running","priority":"Normal","running":true,"ended":false,"cancelled":false,"cancelling":false,"failed":false,"start":"13
        Jul 2016 13:32:51 +0000","end":null,"owner":{"id":5,"name":"masteruser","displayName":"masteruser
        masteruser","href":"https://master.dev.nativ-systems.com/api/users/5","email":"videyo+test@ft.com","accountId":4},"definition":{"id":13707,"uuid":"9d919e45-ee8c-48d2-a836-9669cae2d0c5","name":"ingest-workflow","displayName":"ingest-workflow","objectType":{"id":11,"name":"workflow-definition","href":"https://master.dev.nativ-systems.com/api/objectTypes/11","displayName":"Workflow
        Definition","pluralName":"Workflow Definitions","userDefined":false},"href":"https://master.dev.nativ-systems.com/api/workflowDefinitions/13707","owner":"masteruser
        masteruser","accountId":4},"definitionVersion":54,"created":"13 Jul 2016 13:32:51
        +0000","lastModified":"13 Jul 2016 13:32:51 +0000","account":{"id":4,"name":"Master
        Account","objectType":{"id":24,"name":"master-account","href":"https://master.dev.nativ-systems.com/api/objectTypes/24","displayName":"Master
        Account","pluralName":"Master Accounts","userDefined":false},"owner":"masteruser
        masteruser","accountId":4},"workspace":{"id":3,"name":"Master Account","objectType":{"id":30,"name":"account-workspace","href":"https://master.dev.nativ-systems.com/api/objectTypes/30","displayName":"Account
        Workspace","pluralName":"Account Workspaces","userDefined":false},"owner":"masteruser
        masteruser","accountId":4}}'
    http_version: 
  recorded_at: Wed, 13 Jul 2016 13:31:49 GMT
- request:
    method: get
    uri: https://master.dev.nativ-systems.com/api/workflows/35777
    body:
      encoding: US-ASCII
      string: ''
    headers:
      Accept:
      - application/json
      Accept-Encoding:
      - gzip, deflate
      Content-Type:
      - application/vnd.nativ.mio.v1+json
      User-Agent:
      - Ruby
      Authorization:
      - Basic bWFzdGVydXNlcjptNHN0M3J1czNy
  response:
    status:
      code: 200
      message: OK
    headers:
      Date:
      - Wed, 13 Jul 2016 13:32:54 GMT
      Server:
      - Apache/2.4.10 (Unix) OpenSSL/1.0.1e-fips
      Access-Control-Allow-Origin:
      - "*"
      Access-Control-Allow-Methods:
      - POST, GET, OPTIONS, DELETE, PUT
      Access-Control-Max-Age:
      - '1000'
      Access-Control-Allow-Headers:
      - x-requested-with, Content-Type, origin, authorization, accept, client-security-token
      Pragma:
      - No-cache
      Cache-Control:
      - no-cache
      Expires:
      - Thu, 01 Jan 1970 00:00:00 UTC
      Set-Cookie:
      - JSESSIONID=qLxuSCp3TrkDoeYd6Rhc74Ja.-201388908; Path=/api; Secure
      Content-Type:
      - application/json
      Access-Control-Allow-Credentials:
      - 'true'
      Transfer-Encoding:
      - chunked
    body:
      encoding: UTF-8
      string: '{"id":35777,"name":"ingest-workflow","displayName":"ingest-workflow","objectType":{"id":7,"name":"workflow","href":"https://master.dev.nativ-systems.com/api/objectTypes/7","displayName":"Workflow","pluralName":"Workflows","userDefined":false},"deleted":false,"href":"https://master.dev.nativ-systems.com/api/workflows/35777","status":"Running","priority":"Normal","running":true,"ended":false,"cancelled":false,"cancelling":false,"failed":false,"start":"13
        Jul 2016 13:32:51 +0000","end":null,"owner":{"id":5,"name":"masteruser","displayName":"masteruser
        masteruser","href":"https://master.dev.nativ-systems.com/api/users/5","email":"videyo+test@ft.com","accountId":4},"definition":{"id":13707,"uuid":"9d919e45-ee8c-48d2-a836-9669cae2d0c5","name":"ingest-workflow","displayName":"ingest-workflow","objectType":{"id":11,"name":"workflow-definition","href":"https://master.dev.nativ-systems.com/api/objectTypes/11","displayName":"Workflow
        Definition","pluralName":"Workflow Definitions","userDefined":false},"href":"https://master.dev.nativ-systems.com/api/workflowDefinitions/13707","owner":"masteruser
        masteruser","accountId":4},"definitionVersion":54,"created":"13 Jul 2016 13:32:51
        +0000","lastModified":"13 Jul 2016 13:32:52 +0000","account":{"id":4,"name":"Master
        Account","objectType":{"id":24,"name":"master-account","href":"https://master.dev.nativ-systems.com/api/objectTypes/24","displayName":"Master
        Account","pluralName":"Master Accounts","userDefined":false},"owner":"masteruser
        masteruser","accountId":4},"workspace":{"id":3,"name":"Master Account","objectType":{"id":30,"name":"account-workspace","href":"https://master.dev.nativ-systems.com/api/objectTypes/30","displayName":"Account
        Workspace","pluralName":"Account Workspaces","userDefined":false},"owner":"masteruser
        masteruser","accountId":4}}'
    http_version: 
  recorded_at: Wed, 13 Jul 2016 13:31:50 GMT
- request:
    method: get
    uri: https://master.dev.nativ-systems.com/api/workflows/35777
    body:
      encoding: US-ASCII
      string: ''
    headers:
      Accept:
      - application/json
      Accept-Encoding:
      - gzip, deflate
      Content-Type:
      - application/vnd.nativ.mio.v1+json
      User-Agent:
      - Ruby
      Authorization:
      - Basic bWFzdGVydXNlcjptNHN0M3J1czNy
  response:
    status:
      code: 200
      message: OK
    headers:
      Date:
      - Wed, 13 Jul 2016 13:33:00 GMT
      Server:
      - Apache/2.4.10 (Unix) OpenSSL/1.0.1e-fips
      Access-Control-Allow-Origin:
      - "*"
      Access-Control-Allow-Methods:
      - POST, GET, OPTIONS, DELETE, PUT
      Access-Control-Max-Age:
      - '1000'
      Access-Control-Allow-Headers:
      - x-requested-with, Content-Type, origin, authorization, accept, client-security-token
      Pragma:
      - No-cache
      Cache-Control:
      - no-cache
      Expires:
      - Thu, 01 Jan 1970 00:00:00 UTC
      Set-Cookie:
      - JSESSIONID=1jYslSUpTV+BK498oQzi5vpJ.-201388908; Path=/api; Secure
      Content-Type:
      - application/json
      Access-Control-Allow-Credentials:
      - 'true'
      Transfer-Encoding:
      - chunked
    body:
      encoding: UTF-8
      string: '{"id":35777,"name":"ingest-workflow","displayName":"ingest-workflow","objectType":{"id":7,"name":"workflow","href":"https://master.dev.nativ-systems.com/api/objectTypes/7","displayName":"Workflow","pluralName":"Workflows","userDefined":false},"deleted":false,"href":"https://master.dev.nativ-systems.com/api/workflows/35777","status":"Failed","priority":"Normal","running":false,"ended":false,"cancelled":false,"cancelling":false,"failed":true,"start":"13
        Jul 2016 13:32:51 +0000","end":null,"owner":{"id":5,"name":"masteruser","displayName":"masteruser
        masteruser","href":"https://master.dev.nativ-systems.com/api/users/5","email":"videyo+test@ft.com","accountId":4},"definition":{"id":13707,"uuid":"9d919e45-ee8c-48d2-a836-9669cae2d0c5","name":"ingest-workflow","displayName":"ingest-workflow","objectType":{"id":11,"name":"workflow-definition","href":"https://master.dev.nativ-systems.com/api/objectTypes/11","displayName":"Workflow
        Definition","pluralName":"Workflow Definitions","userDefined":false},"href":"https://master.dev.nativ-systems.com/api/workflowDefinitions/13707","owner":"masteruser
        masteruser","accountId":4},"definitionVersion":54,"asset":{"id":35422,"name":"Missing.mp4","displayName":"Missing.mp4","type":"Media
        Asset","href":"https://master.dev.nativ-systems.com/api/assets/35422","variant":{"id":506,"name":"video-asset-raw","href":"https://master.dev.nativ-systems.com/api/variants/506"},"creationContext":"Ingest","accountId":4,"workspaceId":3},"created":"13
        Jul 2016 13:32:51 +0000","lastModified":"13 Jul 2016 13:32:57 +0000","account":{"id":4,"name":"Master
        Account","objectType":{"id":24,"name":"master-account","href":"https://master.dev.nativ-systems.com/api/objectTypes/24","displayName":"Master
        Account","pluralName":"Master Accounts","userDefined":false},"owner":"masteruser
        masteruser","accountId":4},"workspace":{"id":3,"name":"Master Account","objectType":{"id":30,"name":"account-workspace","href":"https://master.dev.nativ-systems.com/api/objectTypes/30","displayName":"Account
        Workspace","pluralName":"Account Workspaces","userDefined":false},"owner":"masteruser
        masteruser","accountId":4}}'
    http_version: 
  recorded_at: Wed, 13 Jul 2016 13:31:55 GMT
recorded_with: VCR 3.0.3
